C166 COMPILER V7.53.0.0, CORRECTION_TABLE                                                  07/07/2016 21:13:37 PAGE 1   


C166 COMPILER V7.53.0.0, COMPILATION OF MODULE CORRECTION_TABLE
OBJECT MODULE PLACED IN correction_table.OBJ
COMPILER INVOKED BY: C:\Program Files\Keil\C166\BIN\C166.EXE correction_table.c COMPACT BROWSE NOFIXDPP MOD167 DEBUG TAB
                    -S(2) 

 stmt lvl     source

*** WARNING C38 IN LINE 1 OF correction_table.c: empty translation unit


MODULE INFORMATION:   INITIALIZED  UNINITIALIZED
  CODE SIZE        =    --------     --------
  NEAR-CONST SIZE  =    --------     --------
  FAR-CONST SIZE   =    --------     --------
  HUGE-CONST SIZE  =    --------     --------
  XHUGE-CONST SIZE =    --------     --------
  NEAR-DATA SIZE   =    --------     --------
  FAR-DATA SIZE    =    --------     --------
  XHUGE-DATA SIZE  =    --------     --------
  IDATA-DATA SIZE  =    --------     --------
  SDATA-DATA SIZE  =    --------     --------
  BDATA-DATA SIZE  =    --------     --------
  HUGE-DATA SIZE   =    --------     --------
  BIT SIZE         =    --------     --------
  INIT'L SIZE      =    --------     --------
END OF MODULE INFORMATION.


C166 COMPILATION COMPLETE.  1 WARNING(S),  0 ERROR(S)
